
 Double low rank factorization data for 'reiher_femoco'.
    [*] using CAS((27a, 27b), 54o)
        [+]                      E(SCF):    -13481.66850939
        [+] Active space CCSD(T) E(cor):        -0.50689312
        [+] Active space CCSD(T) E(tot):    -13482.17540251
===========================================================================================================================================
 threshold      ||ERI - DF||         L       eigenvectors    lambda      CCSD(T) error (mEh)       logical qubits       Toffoli count    
-------------------------------------------------------------------------------------------------------------------------------------------
  0.050000       3.1896e-01          95          1274        262.1              -12.39                  1123               4.3e+09       
  0.025000       2.0095e-01         135          2319        272.0              -2.78                   1991               5.2e+09       
  0.012500       1.1954e-01         182          3983        280.8              -1.10                   1991               6.3e+09       
  0.010000       9.8394e-02         195          4700        283.4              -0.18                   1995               6.8e+09       
  0.007500       7.5648e-02         216          5678        286.3               1.33                   1993               7.4e+09       
  0.005000       5.0749e-02         242          7181        289.5               2.27                   3722               8.2e+09       
  0.002500       2.5895e-02         300          9930        292.9               1.02                   3725               9.1e+09       
  0.001250       1.3050e-02         360         13031        294.8               0.44                   3725               1.0e+10       
  0.001000       1.0479e-02         384         14062        295.2               0.25                   3726               1.0e+10       
  0.000750       7.8485e-03         414         15419        295.6               0.20                   3726               1.1e+10       
  0.000500       5.1972e-03         444         17346        296.1               0.09                   3726               1.1e+10       
  0.000125       1.2824e-03         567         24005        296.7              -0.01                   3722               1.3e+10       
  0.000100       1.0298e-03         581         25054        296.7              -0.02                   3729               1.4e+10       
  0.000050       5.1370e-04         645         28469        296.8              -0.00                   7185               1.4e+10       
===========================================================================================================================================
