
 Double low rank factorization data for 'li_femoco'.
    [*] using CAS((74a, 39b), 76o)
        [+]                      E(SCF):     -1118.65175410
        [+] Active space CCSD(T) E(cor):        -0.25620025
        [+] Active space CCSD(T) E(tot):     -1118.90795435
===========================================================================================================================================
 threshold      ||ERI - DF||         L       eigenvectors    lambda      CCSD(T) error (mEh)       logical qubits       Toffoli count    
-------------------------------------------------------------------------------------------------------------------------------------------
  0.050000       4.0040e-01         184          3765        1108.9             -90.76                  3358               3.6e+10       
  0.025000       2.3082e-01         205          5992        1136.0             -20.38                  3363               4.1e+10       
  0.012500       1.2436e-01         247          8450        1152.1             -12.90                  3361               4.7e+10       
  0.010000       1.0408e-01         261          9302        1155.5             -6.96                   3365               4.9e+10       
  0.007500       8.1947e-02         278         10493        1159.1             -5.95                   3366               5.2e+10       
  0.005000       5.7810e-02         312         12508        1163.4             -2.42                   6405               5.6e+10       
  0.002500       2.8955e-02         344         16355        1168.6              1.47                   6406               6.0e+10       
  0.001250       1.4479e-02         394         20115        1171.2              0.05                   6404               6.4e+10       
  0.001000       1.1607e-02         413         21407        1171.7              0.40                   6407               6.6e+10       
  0.000750       8.7706e-03         434         23145        1172.2              0.39                   6405               6.8e+10       
  0.000500       5.7589e-03         470         25751        1172.8              0.40                   6406               7.1e+10       
  0.000125       1.3772e-03         589         35006        1173.7             -0.04                   6410               8.1e+10       
  0.000100       1.1012e-03         614         36557        1173.7             -0.02                   6406               8.3e+10       
  0.000050       5.5086e-04         679         41563        1173.9             -0.01                   6403               8.8e+10       
===========================================================================================================================================
