
 Single low rank factorization data for 'li_femoco'.
    [*] using CAS((74a, 39b), 76o)
        [+]                      E(SCF):     -1118.65175410
        [+] Active space CCSD(T) E(cor):        -0.25620025
        [+] Active space CCSD(T) E(tot):     -1118.90795435
============================================================================================================
     L          ||ERI - SF||       lambda      CCSD(T) error (mEh)       logical qubits       Toffoli count    
------------------------------------------------------------------------------------------------------------
     50          6.8338e-01        2233.7             -91.51                  1954               3.8e+10       
     75          4.8564e-01        2484.5             -56.07                  3620               5.2e+10       
    100          3.7356e-01        2664.5             -23.11                  3620               6.2e+10       
    125          3.0178e-01        2743.5             -9.15                   3622               7.0e+10       
    150          2.3598e-01        2786.9             -11.37                  3625               7.8e+10       
    175          1.4845e-01        2835.5             -8.10                   3625               8.5e+10       
    200          7.7182e-02        2906.9              0.43                   3625               9.4e+10       
    225          5.2405e-02        2986.9              1.33                   3625               1.0e+11       
    250          3.6860e-02        3035.9              0.80                   3625               1.1e+11       
    275          2.5291e-02        3071.8              0.43                   3628               1.2e+11       
    300          1.6700e-02        3099.2             -0.11                   6955               1.2e+11       
    325          1.0761e-02        3119.3             -0.20                   6955               1.3e+11       
    350          7.5471e-03        3134.2             -0.12                   6955               1.3e+11       
    375          5.5571e-03        3146.0             -0.09                   6955               1.4e+11       
    400          4.1160e-03        3154.8             -0.10                   6955               1.4e+11       
============================================================================================================
