
 THC factorization data for 'li_femoco'.
    [*] using CAS((74a, 39b), 76o)
        [+]                      E(SCF):     -1118.65175409
        [+] Active space CCSD(T) E(cor):        -0.25620681
        [+] Active space CCSD(T) E(tot):     -1118.90796090
============================================================================================
     M         CCSD(T) error (mEh)       lambda       Toffoli count        logical qubits   
--------------------------------------------------------------------------------------------
    350               -5.70              997.1           2.5e+10                2194        
    400               -1.08              997.9           2.6e+10                2196        
    450               -0.56              996.9           2.7e+10                2196        
    500               -1.00              997.9           2.7e+10                2196        
    550               -0.48              999.1           2.9e+10                2328        
    600               -0.70              999.9           3.0e+10                2328        
    650               -0.55              1000.3          3.1e+10                2328        
    700               -0.28              1000.7          3.2e+10                2328        
    750               -0.14              1000.9          3.3e+10                4377        
    800               -0.34              1001.1          3.3e+10                4377        
============================================================================================
THC factorization settings at exit:
	 nthc 800
	 thc_save_file None
	 first_factor_thresh 1e-14
	 conv_eps 1e-05
	 perform_bfgs_opt True
	 bfgs_maxiter 10000
	 random_start_thc True
	 verify False
