
 THC factorization data for 'reiher_femoco'.
    [*] using CAS((27a, 27b), 54o)
        [+]                      E(SCF):    -13481.66850939
        [+] Active space CCSD(T) E(cor):        -0.50689312
        [+] Active space CCSD(T) E(tot):    -13482.17540251
============================================================================================
     M         CCSD(T) error (mEh)       lambda       Toffoli count        logical qubits   
--------------------------------------------------------------------------------------------
    250               -1.03              236.7           3.5e+09                1115        
    300                0.10              250.4           4.0e+09                1183        
    350               -0.19              255.8           4.4e+09                2142        
    400               -0.26              258.0           4.6e+09                2144        
    450               -0.45              259.5           4.9e+09                2144        
    500                0.24              260.5           5.1e+09                2144        
    550               -0.43              260.9           5.4e+09                2276        
    600               -0.24              260.9           5.7e+09                2276        
    650               -0.01              261.3           6.0e+09                2276        
    700                0.21              261.3           6.2e+09                2276        
    750               -0.36              261.5           6.5e+09                4325        
    800               -0.32              261.6           6.7e+09                4325        
============================================================================================
THC factorization settings at exit:
	 nthc 800
	 thc_save_file None
	 first_factor_thresh 1e-14
	 conv_eps 0.0001
	 perform_bfgs_opt True
	 bfgs_maxiter 2500
	 random_start_thc True
	 verify False
